###############################################################################
#
# IAR ELF Linker V7.20.1.7305/W32 for ARM                 13/Jun/2016  14:19:59
# Copyright 2007-2014 IAR Systems AB.
#
#    Output file  =  
#        C:\Users\weifeng\Desktop\EIE\EIE_Git\Razor_Atmel\firmware_mpgl1\iar_7_20_1\Debug\Exe\mpgl1.out
#    Map file     =  
#        C:\Users\weifeng\Desktop\EIE\EIE_Git\Razor_Atmel\firmware_mpgl1\iar_7_20_1\Debug\List\mpgl1.map
#    Command line =  
#        C:\Users\weifeng\Desktop\EIE\EIE_Git\Razor_Atmel\firmware_mpgl1\iar_7_20_1\Debug\Obj\ant.o
#        C:\Users\weifeng\Desktop\EIE\EIE_Git\Razor_Atmel\firmware_mpgl1\iar_7_20_1\Debug\Obj\ant_api.o
#        C:\Users\weifeng\Desktop\EIE\EIE_Git\Razor_Atmel\firmware_mpgl1\iar_7_20_1\Debug\Obj\board_cstartup_iar.o
#        C:\Users\weifeng\Desktop\EIE\EIE_Git\Razor_Atmel\firmware_mpgl1\iar_7_20_1\Debug\Obj\buttons.o
#        C:\Users\weifeng\Desktop\EIE\EIE_Git\Razor_Atmel\firmware_mpgl1\iar_7_20_1\Debug\Obj\core_cm3.o
#        C:\Users\weifeng\Desktop\EIE\EIE_Git\Razor_Atmel\firmware_mpgl1\iar_7_20_1\Debug\Obj\debug.o
#        C:\Users\weifeng\Desktop\EIE\EIE_Git\Razor_Atmel\firmware_mpgl1\iar_7_20_1\Debug\Obj\exceptions.o
#        C:\Users\weifeng\Desktop\EIE\EIE_Git\Razor_Atmel\firmware_mpgl1\iar_7_20_1\Debug\Obj\interrupts.o
#        C:\Users\weifeng\Desktop\EIE\EIE_Git\Razor_Atmel\firmware_mpgl1\iar_7_20_1\Debug\Obj\lcd_nhd-c0220biz.o
#        C:\Users\weifeng\Desktop\EIE\EIE_Git\Razor_Atmel\firmware_mpgl1\iar_7_20_1\Debug\Obj\leds.o
#        C:\Users\weifeng\Desktop\EIE\EIE_Git\Razor_Atmel\firmware_mpgl1\iar_7_20_1\Debug\Obj\main.o
#        C:\Users\weifeng\Desktop\EIE\EIE_Git\Razor_Atmel\firmware_mpgl1\iar_7_20_1\Debug\Obj\messaging.o
#        C:\Users\weifeng\Desktop\EIE\EIE_Git\Razor_Atmel\firmware_mpgl1\iar_7_20_1\Debug\Obj\mpgl1-ehdw-03.o
#        C:\Users\weifeng\Desktop\EIE\EIE_Git\Razor_Atmel\firmware_mpgl1\iar_7_20_1\Debug\Obj\sam3u_i2c.o
#        C:\Users\weifeng\Desktop\EIE\EIE_Git\Razor_Atmel\firmware_mpgl1\iar_7_20_1\Debug\Obj\sam3u_ssp.o
#        C:\Users\weifeng\Desktop\EIE\EIE_Git\Razor_Atmel\firmware_mpgl1\iar_7_20_1\Debug\Obj\sam3u_uart.o
#        C:\Users\weifeng\Desktop\EIE\EIE_Git\Razor_Atmel\firmware_mpgl1\iar_7_20_1\Debug\Obj\sdcard.o
#        C:\Users\weifeng\Desktop\EIE\EIE_Git\Razor_Atmel\firmware_mpgl1\iar_7_20_1\Debug\Obj\user_app.o
#        C:\Users\weifeng\Desktop\EIE\EIE_Git\Razor_Atmel\firmware_mpgl1\iar_7_20_1\Debug\Obj\utilities.o
#        --redirect _Printf=_PrintfTiny --redirect _Scanf=_ScanfSmallNoMb -o
#        C:\Users\weifeng\Desktop\EIE\EIE_Git\Razor_Atmel\firmware_mpgl1\iar_7_20_1\Debug\Exe\mpgl1.out
#        --map
#        C:\Users\weifeng\Desktop\EIE\EIE_Git\Razor_Atmel\firmware_mpgl1\iar_7_20_1\Debug\List\mpgl1.map
#        --log initialization,modules,sections --log_file
#        C:\Users\weifeng\Desktop\EIE\EIE_Git\Razor_Atmel\firmware_mpgl1\iar_7_20_1\Debug\List\mpgl1.log
#        --config
#        C:\Users\weifeng\Desktop\EIE\EIE_Git\Razor_Atmel\firmware_mpgl1\iar_7_20_1\..\..\firmware_mpg_common\sam3u2-flash.icf
#        --semihosting --entry __iar_program_start --vfe
#
###############################################################################

*******************************************************************************
*** RUNTIME MODEL ATTRIBUTES
***

CppFlavor       = *
__Heap_Handler  = Basic
__SystemLibrary = DLib


*******************************************************************************
*** PLACEMENT SUMMARY
***

"A1":  place at 0x00080000 { ro section .intvec };
"P1":  place in [from 0x00080000 to 0x0009ffff] { ro };
"P2":  place in [from 0x20000000 to 0x20003fff] { rw, block HEAP };
"P3":  place in [from 0x20080000 to 0x20083fff] { block CSTACK };

  Section             Kind        Address    Size  Object
  -------             ----        -------    ----  ------
"A1":                                        0xbc
  .intvec                      0x00080000    0xbc  <Block>
    .intvec           const    0x00080000    0xbc  board_cstartup_iar.o [1]
                             - 0x000800bc    0xbc

"P1":                                      0x4c6d
  .text               ro code  0x000800bc   0xe62  ant.o [1]
  .text               ro code  0x00080f1e    0x3e  exceptions.o [1]
  .text               ro code  0x00080f5c    0xbc  utilities.o [1]
  .text               ro code  0x00081018    0x76  ABImemcpy_unaligned.o [4]
  .text               ro code  0x0008108e    0x22  zero_init3.o [4]
  .text               ro code  0x000810b0   0x724  debug.o [1]
  .text               ro code  0x000817d4   0x8d0  sam3u_ssp.o [1]
  .text               ro code  0x000820a4    0xb0  xxmemxmalloc.o [3]
  .text               ro code  0x00082154    0x80  xxmemxfree.o [3]
  .text               ro code  0x000821d4   0x29c  messaging.o [1]
  .text               ro code  0x00082470    0x44  strcpy_unaligned.o [4]
  .text               ro code  0x000824b4   0x578  sam3u_uart.o [1]
  .text               ro code  0x00082a2c   0x328  leds.o [1]
  .text               ro code  0x00082d54    0x66  ABImemset.o [4]
  .rodata             const    0x00082dba     0x2  debug.o [1]
  .text               ro code  0x00082dbc    0x2c  xgetmemchunk.o [3]
  .text               ro code  0x00082de8   0x7f0  sam3u_i2c.o [1]
  .text               ro code  0x000835d8   0x450  mpgl1-ehdw-03.o [1]
  .text               ro code  0x00083a28   0x294  buttons.o [1]
  .text               ro code  0x00083cbc   0x220  user_app.o [1]
  .text               ro code  0x00083edc   0x14e  lcd_nhd-c0220biz.o [1]
  .text               ro code  0x0008402a     0x4  time_i.o [3]
  .text               ro code  0x00084030    0x20  srand.o [3]
  .text               ro code  0x00084050    0xe0  rand.o [3]
  .text               ro code  0x00084130    0x12  time.o [5]
  .text               ro code  0x00084142     0x2  xtls.o [3]
  .text               ro code  0x00084144   0x1c4  interrupts.o [1]
  .text               ro code  0x00084308   0x1c2  lz77_init.o [4]
  .text               ro code  0x000844ca     0x6  abort.o [3]
  .text               ro code  0x000844d0    0x14  exit.o [5]
  .text               ro code  0x000844e4    0xc0  sdcard.o [1]
  .text               ro code  0x000845a4    0xbc  main.o [1]
  .rodata             const    0x00084660    0x48  debug.o [1]
  .rodata             const    0x000846a8    0x3c  debug.o [1]
  .rodata             const    0x000846e4    0x2c  ant.o [1]
  .text               ro code  0x00084710    0x28  data_init.o [4]
  .rodata             const    0x00084738    0x24  ant.o [1]
  .rodata             const    0x0008475c    0x24  debug.o [1]
  .rodata             const    0x00084780    0x24  debug.o [1]
  .rodata             const    0x000847a4    0x24  debug.o [1]
  .rodata             const    0x000847c8    0x24  debug.o [1]
  .rodata             const    0x000847ec    0x24  debug.o [1]
  .rodata             const    0x00084810    0x24  debug.o [1]
  .rodata             const    0x00084834    0x24  debug.o [1]
  .rodata             const    0x00084858    0x24  debug.o [1]
  .rodata             const    0x0008487c    0x24  debug.o [1]
  .iar.init_table     const    0x000848a0    0x2c  - Linker created -
  .rodata             const    0x000848cc    0x20  interrupts.o [1]
  .rodata             const    0x000848ec    0x20  sam3u_uart.o [1]
  .rodata             const    0x0008490c    0x1c  ant.o [1]
  .rodata             const    0x00084928    0x1c  debug.o [1]
  .text               ro code  0x00084944    0x1a  cmain.o [4]
  .text               ro code  0x00084960    0x14  board_cstartup_iar.o [1]
  .text               ro code  0x00084974     0x4  exit.o [3]
  .text               ro code  0x00084978     0xa  cexit.o [4]
  .rodata             const    0x00084984    0x18  ant.o [1]
  .rodata             const    0x0008499c    0x18  ant.o [1]
  .rodata             const    0x000849b4    0x18  lcd_nhd-c0220biz.o [1]
  .rodata             const    0x000849cc    0x18  sdcard.o [1]
  .rodata             const    0x000849e4    0x14  ant.o [1]
  .rodata             const    0x000849f8    0x14  ant.o [1]
  .rodata             const    0x00084a0c    0x14  ant.o [1]
  .rodata             const    0x00084a20    0x14  ant.o [1]
  .rodata             const    0x00084a34    0x14  user_app.o [1]
  .rodata             const    0x00084a48    0x14  user_app.o [1]
  .rodata             const    0x00084a5c    0x14  user_app.o [1]
  .rodata             const    0x00084a70    0x10  buttons.o [1]
  .rodata             const    0x00084a80     0xc  debug.o [1]
  .rodata             const    0x00084a8c     0xc  debug.o [1]
  .rodata             const    0x00084a98     0xc  user_app.o [1]
  .text               ro code  0x00084aa4     0xc  cstartup_M.o [4]
  .rodata             const    0x00084ab0     0x8  ant.o [1]
  .rodata             const    0x00084ab8     0x8  debug.o [1]
  .rodata             const    0x00084ac0     0x8  lcd_nhd-c0220biz.o [1]
  .rodata             const    0x00084ac8     0x0  zero_init3.o [4]
  .rodata             const    0x00084ac8     0x0  lz77_init.o [4]
  Initializer bytes   ro data  0x00084ac8   0x261  <for P2 s0>
                             - 0x00084d29  0x4c6d

"P2":                                      0x3d20
  P2 s0                        0x20000000   0x445  <Init block>
    __DLIB_PERTHREAD  inited   0x20000000    0x8c  rand.o [3]
    .data             inited   0x2000008c    0x70  leds.o [1]
    .data             inited   0x200000fc    0x50  ant.o [1]
    .data             inited   0x2000014c    0x44  debug.o [1]
    .data             inited   0x20000190    0x40  ant.o [1]
    .data             inited   0x200001d0    0x40  debug.o [1]
    .data             inited   0x20000210    0x2c  lcd_nhd-c0220biz.o [1]
    .data             inited   0x2000023c    0x2c  leds.o [1]
    .data             inited   0x20000268    0x20  ant.o [1]
    .data             inited   0x20000288    0x20  ant.o [1]
    .data             inited   0x200002a8    0x20  debug.o [1]
    .data             inited   0x200002c8    0x20  mpgl1-ehdw-03.o [1]
    .data             inited   0x200002e8    0x1c  ant.o [1]
    .data             inited   0x20000304    0x18  ant.o [1]
    .data             inited   0x2000031c    0x18  ant.o [1]
    .data             inited   0x20000334    0x18  debug.o [1]
    .data             inited   0x2000034c    0x18  leds.o [1]
    .data             inited   0x20000364    0x18  sam3u_ssp.o [1]
    .data             inited   0x2000037c    0x18  sam3u_ssp.o [1]
    .data             inited   0x20000394    0x14  ant.o [1]
    .data             inited   0x200003a8    0x14  ant.o [1]
    .data             inited   0x200003bc    0x14  ant.o [1]
    .data             inited   0x200003d0    0x14  buttons.o [1]
    .data             inited   0x200003e4    0x14  debug.o [1]
    .data             inited   0x200003f8    0x10  ant.o [1]
    .data             inited   0x20000408     0x8  ant.o [1]
    .data             inited   0x20000410     0x8  ant.o [1]
    .data             inited   0x20000418     0x8  buttons.o [1]
    .data             inited   0x20000420     0x8  debug.o [1]
    .data             inited   0x20000428     0x8  utilities.o [1]
    .data             inited   0x20000430     0x8  utilities.o [1]
    .data             inited   0x20000438     0x4  debug.o [1]
    .data             inited   0x2000043c     0x4  messaging.o [1]
    .data             inited   0x20000440     0x2  interrupts.o [1]
    .data             inited   0x20000442     0x1  user_app.o [1]
    .data             inited   0x20000443     0x1  user_app.o [1]
    .data             inited   0x20000444     0x1  user_app.o [1]
  .bss                zero     0x20000448   0x900  messaging.o [1]
  .bss                zero     0x20000d48   0x3e8  user_app.o [1]
  .bss                zero     0x20001130   0x300  messaging.o [1]
  .bss                zero     0x20001430   0x224  sdcard.o [1]
  .bss                zero     0x20001654   0x100  ant.o [1]
  .bss                zero     0x20001754   0x100  sam3u_i2c.o [1]
  .bss                zero     0x20001854    0x80  debug.o [1]
  .bss                zero     0x200018d4    0x80  debug.o [1]
  .bss                zero     0x20001954    0x80  sam3u_ssp.o [1]
  .bss                zero     0x200019d4    0x40  debug.o [1]
  .bss                zero     0x20001a14    0x34  sam3u_ssp.o [1]
  .bss                zero     0x20001a48    0x34  sam3u_ssp.o [1]
  .bss                zero     0x20001a7c    0x34  sam3u_ssp.o [1]
  .bss                zero     0x20001ab0    0x24  ant.o [1]
  .bss                zero     0x20001ad4    0x24  sam3u_uart.o [1]
  .bss                zero     0x20001af8    0x24  sam3u_uart.o [1]
  .bss                zero     0x20001b1c    0x24  sam3u_uart.o [1]
  .bss                zero     0x20001b40    0x24  sam3u_uart.o [1]
  .bss                zero     0x20001b64    0x24  sdcard.o [1]
  .bss                zero     0x20001b88    0x10  buttons.o [1]
  .bss                zero     0x20001b98    0x10  buttons.o [1]
  .bss                zero     0x20001ba8    0x10  sam3u_i2c.o [1]
  .bss                zero     0x20001bb8     0xc  ant.o [1]
  .bss                zero     0x20001bc4     0xc  ant.o [1]
  .bss                zero     0x20001bd0     0x8  xxmemxmalloc.o [3]
  .bss                zero     0x20001bd8     0x4  ant.o [1]
  .bss                zero     0x20001bdc     0x4  ant.o [1]
  .bss                zero     0x20001be0     0x4  ant.o [1]
  .bss                zero     0x20001be4     0x4  ant.o [1]
  .bss                zero     0x20001be8     0x4  ant.o [1]
  .bss                zero     0x20001bec     0x4  ant.o [1]
  .bss                zero     0x20001bf0     0x4  ant.o [1]
  .bss                zero     0x20001bf4     0x4  ant.o [1]
  .bss                zero     0x20001bf8     0x4  ant.o [1]
  .bss                zero     0x20001bfc     0x4  ant.o [1]
  .bss                zero     0x20001c00     0x4  ant.o [1]
  .bss                zero     0x20001c04     0x4  ant.o [1]
  .bss                zero     0x20001c08     0x4  ant.o [1]
  .bss                zero     0x20001c0c     0x4  ant.o [1]
  .bss                zero     0x20001c10     0x4  ant.o [1]
  .bss                zero     0x20001c14     0x4  ant.o [1]
  .bss                zero     0x20001c18     0x4  ant.o [1]
  .bss                zero     0x20001c1c     0x4  ant.o [1]
  .bss                zero     0x20001c20     0x4  ant.o [1]
  .bss                zero     0x20001c24     0x4  buttons.o [1]
  .bss                zero     0x20001c28     0x4  buttons.o [1]
  .bss                zero     0x20001c2c     0x4  buttons.o [1]
  .bss                zero     0x20001c30     0x4  buttons.o [1]
  .bss                zero     0x20001c34     0x4  buttons.o [1]
  .bss                zero     0x20001c38     0x4  debug.o [1]
  .bss                zero     0x20001c3c     0x4  debug.o [1]
  .bss                zero     0x20001c40     0x4  debug.o [1]
  .bss                zero     0x20001c44     0x4  debug.o [1]
  .bss                zero     0x20001c48     0x4  debug.o [1]
  .bss                zero     0x20001c4c     0x4  debug.o [1]
  .bss                zero     0x20001c50     0x4  debug.o [1]
  .bss                zero     0x20001c54     0x4  lcd_nhd-c0220biz.o [1]
  .bss                zero     0x20001c58     0x4  lcd_nhd-c0220biz.o [1]
  .bss                zero     0x20001c5c     0x4  main.o [1]
  .bss                zero     0x20001c60     0x4  main.o [1]
  .bss                zero     0x20001c64     0x4  messaging.o [1]
  .bss                zero     0x20001c68     0x4  messaging.o [1]
  .bss                zero     0x20001c6c     0x4  messaging.o [1]
  .bss                zero     0x20001c70     0x4  messaging.o [1]
  .bss                zero     0x20001c74     0x4  mpgl1-ehdw-03.o [1]
  .bss                zero     0x20001c78     0x4  mpgl1-ehdw-03.o [1]
  .bss                zero     0x20001c7c     0x4  mpgl1-ehdw-03.o [1]
  .bss                zero     0x20001c80     0x4  mpgl1-ehdw-03.o [1]
  .bss                zero     0x20001c84     0x4  sam3u_i2c.o [1]
  .bss                zero     0x20001c88     0x4  sam3u_i2c.o [1]
  .bss                zero     0x20001c8c     0x4  sam3u_i2c.o [1]
  .bss                zero     0x20001c90     0x4  sam3u_i2c.o [1]
  .bss                zero     0x20001c94     0x4  sam3u_i2c.o [1]
  .bss                zero     0x20001c98     0x4  sam3u_i2c.o [1]
  .bss                zero     0x20001c9c     0x4  sam3u_ssp.o [1]
  .bss                zero     0x20001ca0     0x4  sam3u_ssp.o [1]
  .bss                zero     0x20001ca4     0x4  sam3u_ssp.o [1]
  .bss                zero     0x20001ca8     0x4  sam3u_ssp.o [1]
  .bss                zero     0x20001cac     0x4  sam3u_ssp.o [1]
  .bss                zero     0x20001cb0     0x4  sam3u_ssp.o [1]
  .bss                zero     0x20001cb4     0x4  sam3u_ssp.o [1]
  .bss                zero     0x20001cb8     0x4  sam3u_ssp.o [1]
  .bss                zero     0x20001cbc     0x4  sam3u_ssp.o [1]
  .bss                zero     0x20001cc0     0x4  sam3u_ssp.o [1]
  .bss                zero     0x20001cc4     0x4  sam3u_ssp.o [1]
  .bss                zero     0x20001cc8     0x4  sam3u_uart.o [1]
  .bss                zero     0x20001ccc     0x4  sam3u_uart.o [1]
  .bss                zero     0x20001cd0     0x4  sam3u_uart.o [1]
  .bss                zero     0x20001cd4     0x4  sam3u_uart.o [1]
  .bss                zero     0x20001cd8     0x4  sam3u_uart.o [1]
  .bss                zero     0x20001cdc     0x4  sam3u_uart.o [1]
  .bss                zero     0x20001ce0     0x4  sam3u_uart.o [1]
  .bss                zero     0x20001ce4     0x4  sam3u_uart.o [1]
  .bss                zero     0x20001ce8     0x4  sam3u_uart.o [1]
  .bss                zero     0x20001cec     0x4  sam3u_uart.o [1]
  .bss                zero     0x20001cf0     0x4  sdcard.o [1]
  .bss                zero     0x20001cf4     0x4  sdcard.o [1]
  .bss                zero     0x20001cf8     0x4  sdcard.o [1]
  .bss                zero     0x20001cfc     0x4  sdcard.o [1]
  .bss                zero     0x20001d00     0x4  user_app.o [1]
  .bss                zero     0x20001d04     0x4  xgetmemchunk.o [3]
  .bss                zero     0x20001d08     0x2  debug.o [1]
  .bss                zero     0x20001d0a     0x2  lcd_nhd-c0220biz.o [1]
  .bss                zero     0x20001d0c     0x1  ant.o [1]
  .bss                zero     0x20001d0d     0x1  ant.o [1]
  .bss                zero     0x20001d0e     0x1  ant.o [1]
  .bss                zero     0x20001d0f     0x1  ant.o [1]
  .bss                zero     0x20001d10     0x1  debug.o [1]
  .bss                zero     0x20001d11     0x1  debug.o [1]
  .bss                zero     0x20001d12     0x1  debug.o [1]
  .bss                zero     0x20001d13     0x1  messaging.o [1]
  .bss                zero     0x20001d14     0x1  sam3u_i2c.o [1]
  .bss                zero     0x20001d15     0x1  sam3u_i2c.o [1]
  .bss                zero     0x20001d16     0x1  sam3u_i2c.o [1]
  .bss                zero     0x20001d17     0x1  sam3u_uart.o [1]
  .bss                zero     0x20001d18     0x1  user_app.o [1]
  .bss                zero     0x20001d19     0x1  user_app.o [1]
  .bss                zero     0x20001d1a     0x1  user_app.o [1]
  .bss                zero     0x20001d1b     0x1  user_app.o [1]
  .bss                zero     0x20001d1c     0x1  user_app.o [1]
  HEAP                         0x20001d20  0x2000  <Block>
    HEAP              uninit   0x20001d20  0x2000  <Block tail>
                             - 0x20003d20  0x3d20

"P3":                                      0x2000
  CSTACK                       0x20080000  0x2000  <Block>
    CSTACK            uninit   0x20080000  0x2000  <Block tail>
                             - 0x20082000  0x2000


*******************************************************************************
*** INIT TABLE
***

          Address     Size
          -------     ----
Zero (__iar_zero_init3)
    1 destination range, total size 0x18d5:
          0x20000448  0x18d5

Copy/lz77 (__iar_lz77_init3)
    1 source range, total size 0x261 (55% of destination):
          0x00084ac8   0x261
    1 destination range, total size 0x445:
          0x20000000   0x445



*******************************************************************************
*** MODULE SUMMARY
***

    Module                 ro code  ro data  rw data
    ------                 -------  -------  -------
C:\Users\weifeng\Desktop\EIE\EIE_Git\Razor_Atmel\firmware_mpgl1\iar_7_20_1\Debug\Obj: [1]
    ant.o                    3 682      451      772
    board_cstartup_iar.o        20      188
    buttons.o                  660       32       80
    debug.o                  1 828      642      573
    exceptions.o                62
    interrupts.o               452       33        2
    lcd_nhd-c0220biz.o         334       56       54
    leds.o                     808      100      180
    main.o                     188                 8
    messaging.o                668        3    3 093
    mpgl1-ehdw-03.o          1 104       18       48
    sam3u_i2c.o              2 032               299
    sam3u_ssp.o              2 256       27      376
    sam3u_uart.o             1 400       32      185
    sdcard.o                   192       24      600
    user_app.o                 544       74    1 012
    utilities.o                188        9       16
    ------------------------------------------------
    Total:                  16 418    1 689    7 298

command line: [2]
    ------------------------------------------------
    Total:

dl7M_tln.a: [3]
    abort.o                      6
    exit.o                       4
    rand.o                     224       78      140
    srand.o                     32
    time_i.o                     4
    xgetmemchunk.o              44                 4
    xtls.o                       2
    xxmemxfree.o               128
    xxmemxmalloc.o             176                 8
    ------------------------------------------------
    Total:                     620       78      152

rt7M_tl.a: [4]
    ABImemcpy_unaligned.o      118
    ABImemset.o                102
    cexit.o                     10
    cmain.o                     26
    cstartup_M.o                12
    data_init.o                 40
    lz77_init.o                450
    strcpy_unaligned.o          68
    zero_init3.o                34
    ------------------------------------------------
    Total:                     860

shb_l.a: [5]
    exit.o                      20
    time.o                      18
    ------------------------------------------------
    Total:                      38

    Gaps                         4        2        3
    Linker created                       44   16 384
----------------------------------------------------
    Grand Total:            17 940    1 813   23 837


*******************************************************************************
*** ENTRY LIST
***

Entry                      Address   Size  Type      Object
-----                      -------   ----  ----      ------
.intvec$$Base           0x00080000          --   Gb  - Linker created -
.intvec$$Limit          0x000800bc          --   Gb  - Linker created -
?main                   0x00084945         Code  Gb  cmain.o [4]
ADCC0_IrqHandler        0x00080f55    0x2  Code  Wk  exceptions.o [1]
ADCC1_IrqHandler        0x00080f57    0x2  Code  Wk  exceptions.o [1]
AddNewMessageStatus     0x000823f5   0x34  Code  Lc  messaging.o [1]
AdvanceAntRxBufferCurrentChar
                        0x0008043d   0x28  Code  Lc  ant.o [1]
AdvanceAntRxBufferUnreadMsgPointer
                        0x00080465   0x28  Code  Lc  ant.o [1]
AntAbortMessage         0x00080411   0x2c  Code  Lc  ant.o [1]
AntCalculateTxChecksum  0x000808f7   0x24  Code  Gb  ant.o [1]
AntDeQueueOutgoingMessage
                        0x00080ccf   0x22  Code  Lc  ant.o [1]
AntExpectResponse       0x000807b5   0xe4  Code  Gb  ant.o [1]
AntInitialize           0x0008048d  0x190  Code  Gb  ant.o [1]
AntProcessMessage       0x00080925  0x2a4  Code  Lc  ant.o [1]
AntQueueApplicationMessage
                        0x00080c29   0xa6  Code  Lc  ant.o [1]
AntRunActiveState       0x0008061d    0xc  Code  Gb  ant.o [1]
AntRxFlowControlCallback
                        0x000808b1   0x46  Code  Gb  ant.o [1]
AntRxMessage            0x000801cd  0x244  Code  Lc  ant.o [1]
AntSM_Idle              0x00080d15   0x96  Code  Gb  ant.o [1]
AntSM_NoResponse        0x00080f1d    0x2  Code  Gb  ant.o [1]
AntSM_ReceiveMessage    0x00080db1   0x18  Code  Gb  ant.o [1]
AntSM_TransmitMessage   0x00080dd5   0x76  Code  Gb  ant.o [1]
AntSrdyPulse            0x000801a3   0x2a  Code  Lc  ant.o [1]
AntSyncSerialInitialize
                        0x000800bd   0xe6  Code  Lc  ant.o [1]
AntTick                 0x00080bd1   0x42  Code  Lc  ant.o [1]
AntTxFlowControlCallback
                        0x00080899   0x16  Code  Gb  ant.o [1]
AntTxMessage            0x00080629  0x18c  Code  Gb  ant.o [1]
Ant_DebugProcessRxMessages
                        0x20001c20    0x4  Data  Lc  ant.o [1]
Ant_DebugRxMessageCounter
                        0x20001c18    0x4  Data  Lc  ant.o [1]
Ant_DebugTotalRxMessages
                        0x20001c1c    0x4  Data  Lc  ant.o [1]
Ant_Ssp                 0x20001c00    0x4  Data  Lc  ant.o [1]
Ant_au8AntRxBuffer      0x20001654  0x100  Data  Lc  ant.o [1]
Ant_pfnStateMachine     0x20001be0    0x4  Data  Lc  ant.o [1]
Ant_psDataOutgoingMsgList
                        0x20001c14    0x4  Data  Lc  ant.o [1]
Ant_pu8AntRxBufferCurrentChar
                        0x20001c08    0x4  Data  Lc  ant.o [1]
Ant_pu8AntRxBufferNextChar
                        0x20001c04    0x4  Data  Lc  ant.o [1]
Ant_pu8AntRxBufferUnreadMsg
                        0x20001c0c    0x4  Data  Lc  ant.o [1]
Ant_sSspConfig          0x20001ab0   0x24  Data  Lc  ant.o [1]
Ant_u32ApplicationMessageCount
                        0x20001c10    0x4  Data  Lc  ant.o [1]
Ant_u32CurrentTxMessageToken
                        0x20001bfc    0x4  Data  Lc  ant.o [1]
Ant_u32RxByteCounter    0x20001bf0    0x4  Data  Lc  ant.o [1]
Ant_u32RxTimeoutCounter
                        0x20001bf4    0x4  Data  Lc  ant.o [1]
Ant_u32RxTimer          0x20001be4    0x4  Data  Lc  ant.o [1]
Ant_u32TxByteCounter    0x20001bec    0x4  Data  Lc  ant.o [1]
Ant_u32TxTimer          0x20001be8    0x4  Data  Lc  ant.o [1]
Ant_u32UnexpectedByteCounter
                        0x20001bf8    0x4  Data  Lc  ant.o [1]
Ant_u8AntNewRxMessages  0x20001d0c    0x1  Data  Lc  ant.o [1]
Ant_u8AntVersion        0x20001bc4    0xc  Data  Lc  ant.o [1]
Ant_u8SlaveMissedMessageHigh
                        0x20001d0d    0x1  Data  Lc  ant.o [1]
Ant_u8SlaveMissedMessageLow
                        0x20001d0f    0x1  Data  Lc  ant.o [1]
Ant_u8SlaveMissedMessageMid
                        0x20001d0e    0x1  Data  Lc  ant.o [1]
Bsp_u32TimingViolationsCounter
                        0x20001c7c    0x4  Data  Lc  mpgl1-ehdw-03.o [1]
BusFault_Handler        0x00080f25    0x2  Code  Wk  exceptions.o [1]
ButtonAcknowledge       0x00083a63    0x8  Code  Gb  buttons.o [1]
ButtonInitialize        0x00083a6b   0xb0  Code  Gb  buttons.o [1]
ButtonRunActiveState    0x00083b1b    0xa  Code  Gb  buttons.o [1]
ButtonSM_ButtonActive   0x00083b6d   0xfc  Code  Lc  buttons.o [1]
ButtonSM_Idle           0x00083b4d   0x20  Code  Lc  buttons.o [1]
Button_abNewPress       0x20001c34    0x4  Data  Lc  buttons.o [1]
Button_aeCurrentState   0x20001c2c    0x4  Data  Lc  buttons.o [1]
Button_aeNewState       0x20001c30    0x4  Data  Lc  buttons.o [1]
Button_au32ButtonPins   0x00084a70   0x10  Data  Lc  buttons.o [1]
Button_au32HoldTimeStart
                        0x20001b98   0x10  Data  Lc  buttons.o [1]
Button_pfnStateMachine  0x20001c28    0x4  Data  Lc  buttons.o [1]
Buttons_asArray         0x20000418    0x8  Data  Lc  buttons.o [1]
CSTACK$$Base            0x20080000          --   Gb  - Linker created -
CSTACK$$Limit           0x20082000          --   Gb  - Linker created -
ClockSetup              0x000835d9   0x7e  Code  Gb  mpgl1-ehdw-03.o [1]
DBGU_IrqHandler         0x000827b1   0x1e  Code  Gb  sam3u_uart.o [1]
DeQueueMessage          0x00082307   0x56  Code  Gb  messaging.o [1]
DebugCommandDummy       0x000813a3   0x1a  Code  Lc  debug.o [1]
DebugCommandLedTestToggle
                        0x000813bd   0xb6  Code  Lc  debug.o [1]
DebugCommandPrepareList
                        0x00081305   0x9e  Code  Lc  debug.o [1]
DebugCommandSysTimeToggle
                        0x000814d9   0x46  Code  Lc  debug.o [1]
DebugInitialize         0x00081215   0xbc  Code  Gb  debug.o [1]
DebugLedTestCharacter   0x00081473   0x66  Code  Lc  debug.o [1]
DebugLineFeed           0x000810d5   0x1c  Code  Gb  debug.o [1]
DebugMon_Handler        0x00080f2b    0x2  Code  Wk  exceptions.o [1]
DebugPrintNumber        0x000810f1   0xb0  Code  Gb  debug.o [1]
DebugPrintf             0x000810b1   0x24  Code  Gb  debug.o [1]
DebugRunActiveState     0x000812d1    0xc  Code  Gb  debug.o [1]
DebugRxCallback         0x000812dd   0x28  Code  Gb  debug.o [1]
DebugSM_CheckCmd        0x00081645   0xb2  Code  Lc  debug.o [1]
DebugSM_Error           0x00081711   0x34  Code  Lc  debug.o [1]
DebugSM_Idle            0x00081521  0x122  Code  Lc  debug.o [1]
DebugSM_ProcessCmd      0x000816f9   0x18  Code  Lc  debug.o [1]
Debug_Uart              0x20001c40    0x4  Data  Lc  debug.o [1]
Debug_au8CommandBuffer  0x200019d4   0x40  Data  Lc  debug.o [1]
Debug_au8Commands       0x200001d0   0x40  Data  Gb  debug.o [1]
Debug_au8RxBuffer       0x200018d4   0x80  Data  Lc  debug.o [1]
Debug_au8StartupMsg     0x2000014c   0x44  Data  Lc  debug.o [1]
Debug_pfnStateMachine   0x20001c3c    0x4  Data  Lc  debug.o [1]
Debug_pu8CmdBufferNextChar
                        0x20001c50    0x4  Data  Lc  debug.o [1]
Debug_pu8RxBufferNextChar
                        0x20001c48    0x4  Data  Lc  debug.o [1]
Debug_pu8RxBufferParser
                        0x20001c4c    0x4  Data  Lc  debug.o [1]
Debug_u16CommandSize    0x20001d08    0x2  Data  Lc  debug.o [1]
Debug_u32CurrentMessageToken
                        0x20001c44    0x4  Data  Lc  debug.o [1]
Debug_u8Command         0x20001d12    0x1  Data  Lc  debug.o [1]
Debug_u8ErrorCode       0x20001d11    0x1  Data  Lc  debug.o [1]
EFC0_IrqHandler         0x00080f3b    0x2  Code  Wk  exceptions.o [1]
EFC1_IrqHandler         0x00080f3d    0x2  Code  Wk  exceptions.o [1]
G_abButtonDebounceActive
                        0x20001c24    0x4  Data  Gb  buttons.o [1]
G_au32ButtonDebounceTimeStart
                        0x20001b88   0x10  Data  Gb  buttons.o [1]
G_au8AntMessageAssign   0x20000394   0x14  Data  Gb  ant.o [1]
G_au8AntMessageClose    0x200003a8   0x14  Data  Gb  ant.o [1]
G_au8AntMessageFail     0x20000410    0x8  Data  Gb  ant.o [1]
G_au8AntMessageInit     0x2000031c   0x18  Data  Gb  ant.o [1]
G_au8AntMessageInitFail
                        0x20000268   0x20  Data  Gb  ant.o [1]
G_au8AntMessageNoAnt    0x20000190   0x40  Data  Gb  ant.o [1]
G_au8AntMessageOk       0x20000408    0x8  Data  Gb  ant.o [1]
G_au8AntMessageOpen     0x200003bc   0x14  Data  Gb  ant.o [1]
G_au8AntMessageUnassign
                        0x20000304   0x18  Data  Gb  ant.o [1]
G_au8AntMessageUnhandled
                        0x200002e8   0x1c  Data  Gb  ant.o [1]
G_au8DebugScanfBuffer   0x20001854   0x80  Data  Gb  debug.o [1]
G_au8MessageOFF         0x20000430    0x8  Data  Gb  utilities.o [1]
G_au8MessageON          0x20000428    0x8  Data  Gb  utilities.o [1]
G_sAntApplicationMsgList
                        0x20001bdc    0x4  Data  Gb  ant.o [1]
G_stAntSetupData        0x20001bb8    0xc  Data  Gb  ant.o [1]
G_u32AntFlags           0x20001bd8    0x4  Data  Gb  ant.o [1]
G_u32ApplicationFlags   0x20001c60    0x4  Data  Gb  main.o [1]
G_u32DebugFlags         0x20001c38    0x4  Data  Gb  debug.o [1]
G_u32MessagingFlags     0x20001c64    0x4  Data  Gb  messaging.o [1]
G_u32Ssp1ApplicationFlags
                        0x20001c9c    0x4  Data  Gb  sam3u_ssp.o [1]
G_u32Ssp2ApplicationFlags
                        0x20001ca0    0x4  Data  Gb  sam3u_ssp.o [1]
G_u32SystemFlags        0x20001c5c    0x4  Data  Gb  main.o [1]
G_u32SystemTime1ms      0x20001c74    0x4  Data  Gb  mpgl1-ehdw-03.o [1]
G_u32SystemTime1s       0x20001c78    0x4  Data  Gb  mpgl1-ehdw-03.o [1]
G_u32Uart0ApplicationFlags
                        0x20001ccc    0x4  Data  Gb  sam3u_uart.o [1]
G_u32UartApplicationFlags
                        0x20001cc8    0x4  Data  Gb  sam3u_uart.o [1]
G_u8DebugScanfCharCount
                        0x20001d10    0x1  Data  Gb  debug.o [1]
GetButtonBitLocation    0x00083b25   0x26  Code  Gb  buttons.o [1]
GpioSetup               0x00083701   0xea  Code  Gb  mpgl1-ehdw-03.o [1]
HDMA_IrqHandler         0x00080f59    0x2  Code  Wk  exceptions.o [1]
HEAP$$Base              0x20001d20          --   Gb  - Linker created -
HEAP$$Limit             0x20003d20          --   Gb  - Linker created -
HSMC4_IrqHandler        0x00080f3f    0x2  Code  Wk  exceptions.o [1]
HardFault_Handler       0x000841b7   0x34  Code  Gb  interrupts.o [1]
InStream_Read           0x00084309   0x22  Code  Lc  lz77_init.o [4]
InterruptSetup          0x0008416d   0x4a  Code  Gb  interrupts.o [1]
IrqHandlerNotUsed       0x00080f1f    0x2  Code  Gb  exceptions.o [1]
IsTimeUp                0x00080f5d   0x38  Code  Gb  utilities.o [1]
LCDCommand              0x00083edd   0x2a  Code  Gb  lcd_nhd-c0220biz.o [1]
LCDMessage              0x00083f07   0x38  Code  Gb  lcd_nhd-c0220biz.o [1]
LcdInitialize           0x00083f3f   0xb2  Code  Gb  lcd_nhd-c0220biz.o [1]
LcdRunActiveState       0x00083ff1    0xa  Code  Gb  lcd_nhd-c0220biz.o [1]
LcdSM_Idle              0x00084029    0x2  Code  Gb  lcd_nhd-c0220biz.o [1]
Lcd_StateMachine        0x20001c54    0x4  Data  Lc  lcd_nhd-c0220biz.o [1]
Lcd_u32Timer            0x20001c58    0x4  Data  Lc  lcd_nhd-c0220biz.o [1]
LedInitialize           0x00082b05   0xca  Code  Gb  leds.o [1]
LedOff                  0x00082a8b   0x58  Code  Gb  leds.o [1]
LedOn                   0x00082a2d   0x5e  Code  Gb  leds.o [1]
LedToggle               0x00082ae3   0x22  Code  Gb  leds.o [1]
LedUpdate               0x00082bcf  0x162  Code  Gb  leds.o [1]
Led_au32BitPositions    0x2000023c   0x2c  Data  Lc  leds.o [1]
Leds_asLedArray         0x2000008c   0x70  Data  Lc  leds.o [1]
MCI0_IrqHandler         0x00080f45    0x2  Code  Wk  exceptions.o [1]
MemManage_Handler       0x00080f23    0x2  Code  Wk  exceptions.o [1]
MessagingIdle           0x00082429   0x1c  Code  Gb  messaging.o [1]
MessagingInitialize     0x0008235d   0x72  Code  Gb  messaging.o [1]
MessagingRunActiveState
                        0x000823cf    0xa  Code  Gb  messaging.o [1]
Messaging_pfnStateMachine
                        0x20001c68    0x4  Data  Lc  messaging.o [1]
Msg_Pool                0x20000448  0x900  Data  Lc  messaging.o [1]
Msg_StatusQueue         0x20001130  0x300  Data  Lc  messaging.o [1]
Msg_pNextStatus         0x20001c70    0x4  Data  Lc  messaging.o [1]
Msg_u32Token            0x20001c6c    0x4  Data  Lc  messaging.o [1]
Msg_u8QueuedMessageCount
                        0x20001d13    0x1  Data  Lc  messaging.o [1]
NMI_Handler             0x00080f21    0x2  Code  Wk  exceptions.o [1]
NVIC_ClearPendingIRQ    0x00083a3d   0x14  Code  Lc  buttons.o [1]
NVIC_ClearPendingIRQ    0x00084159   0x14  Code  Lc  interrupts.o [1]
NVIC_ClearPendingIRQ    0x00082dff   0x16  Code  Lc  sam3u_i2c.o [1]
NVIC_ClearPendingIRQ    0x000817eb   0x16  Code  Lc  sam3u_ssp.o [1]
NVIC_ClearPendingIRQ    0x000824cb   0x16  Code  Lc  sam3u_uart.o [1]
NVIC_DisableIRQ         0x00084145   0x14  Code  Lc  interrupts.o [1]
NVIC_EnableIRQ          0x00083a29   0x14  Code  Lc  buttons.o [1]
NVIC_EnableIRQ          0x00082de9   0x16  Code  Lc  sam3u_i2c.o [1]
NVIC_EnableIRQ          0x000817d5   0x16  Code  Lc  sam3u_ssp.o [1]
NVIC_EnableIRQ          0x000824b5   0x16  Code  Lc  sam3u_uart.o [1]
NumberToAscii           0x00080f95   0x78  Code  Gb  utilities.o [1]
OutStream_Write         0x0008432b   0x40  Code  Lc  lz77_init.o [4]
PIOA_IrqHandler         0x00084227   0x54  Code  Gb  interrupts.o [1]
PIOB_IrqHandler         0x0008427b   0x56  Code  Gb  interrupts.o [1]
PIOC_IrqHandler         0x00080f41    0x2  Code  Wk  exceptions.o [1]
PMC_IrqHandler          0x00080f39    0x2  Code  Wk  exceptions.o [1]
PWMAudioOff             0x000838a3    0x6  Code  Gb  mpgl1-ehdw-03.o [1]
PWMAudioOn              0x0008389d    0x6  Code  Gb  mpgl1-ehdw-03.o [1]
PWMAudioSetFrequency    0x00083847   0x56  Code  Gb  mpgl1-ehdw-03.o [1]
PWMSetupAudio           0x000837eb   0x5c  Code  Gb  mpgl1-ehdw-03.o [1]
PWM_IrqHandler          0x00080f53    0x2  Code  Wk  exceptions.o [1]
PendSV_Handler          0x00080f2d    0x2  Code  Wk  exceptions.o [1]
QueryMessageStatus      0x000821d5   0x38  Code  Gb  messaging.o [1]
QueueMessage            0x0008220d   0xfa  Code  Gb  messaging.o [1]
RSTC_IrqHandler         0x00080f31    0x2  Code  Wk  exceptions.o [1]
RTC_IrqHandler          0x00080f33    0x2  Code  Wk  exceptions.o [1]
RTT_IrqHandler          0x00080f35    0x2  Code  Wk  exceptions.o [1]
Region$$Table$$Base     0x000848a0          --   Gb  - Linker created -
Region$$Table$$Limit    0x000848cc          --   Gb  - Linker created -
SD_Ssp                  0x20001cf4    0x4  Data  Lc  sdcard.o [1]
SD_au8RxBuffer          0x20001430  0x224  Data  Lc  sdcard.o [1]
SD_pfnStateMachine      0x20001cf0    0x4  Data  Lc  sdcard.o [1]
SD_pu8RxBufferNextByte  0x20001cf8    0x4  Data  Lc  sdcard.o [1]
SD_pu8RxBufferParser    0x20001cfc    0x4  Data  Lc  sdcard.o [1]
SD_sSspConfig           0x20001b64   0x24  Data  Lc  sdcard.o [1]
SPI0_IrqHandler         0x00080f49    0x2  Code  Wk  exceptions.o [1]
SSC0_IrqHandler         0x00080f4b    0x2  Code  Wk  exceptions.o [1]
SSP_Peripheral0         0x20001a14   0x34  Data  Lc  sam3u_ssp.o [1]
SSP_Peripheral1         0x20001a48   0x34  Data  Lc  sam3u_ssp.o [1]
SSP_Peripheral2         0x20001a7c   0x34  Data  Lc  sam3u_ssp.o [1]
SSP_au8Dummies          0x20001954   0x80  Data  Lc  sam3u_ssp.o [1]
SSP_psCurrentISR        0x20001cb4    0x4  Data  Lc  sam3u_ssp.o [1]
SSP_psCurrentSsp        0x20001cb0    0x4  Data  Lc  sam3u_ssp.o [1]
SSP_pu32SspApplicationFlagsISR
                        0x20001cb8    0x4  Data  Lc  sam3u_ssp.o [1]
SSP_u32AntCounter       0x20001cc4    0x4  Data  Lc  sam3u_ssp.o [1]
SSP_u32Flags            0x20001cac    0x4  Data  Lc  sam3u_ssp.o [1]
SSP_u32Int1Count        0x20001cbc    0x4  Data  Lc  sam3u_ssp.o [1]
SSP_u32Int2Count        0x20001cc0    0x4  Data  Lc  sam3u_ssp.o [1]
SSP_u32Timer            0x20001ca8    0x4  Data  Lc  sam3u_ssp.o [1]
SUPC_IrqHandler         0x00080f2f    0x2  Code  Wk  exceptions.o [1]
SVC_Handler             0x00080f29    0x2  Code  Wk  exceptions.o [1]
SdCardInitialize        0x000844e5   0x8c  Code  Gb  sdcard.o [1]
SdCardRunActiveState    0x00084571    0xa  Code  Gb  sdcard.o [1]
SdIdleNoCard            0x0008457d    0x2  Code  Lc  sdcard.o [1]
SspGenericHandler       0x00081b1f  0x352  Code  Gb  sam3u_ssp.o [1]
SspInitialize           0x00081979   0xfe  Code  Gb  sam3u_ssp.o [1]
SspManualMode           0x00081a83   0x48  Code  Gb  sam3u_ssp.o [1]
SspRequest              0x00081801  0x148  Code  Gb  sam3u_ssp.o [1]
SspRunActiveState       0x00081a77    0xc  Code  Gb  sam3u_ssp.o [1]
SspSM_Idle              0x00081e71  0x1c0  Code  Gb  sam3u_ssp.o [1]
SspWriteData            0x00081949   0x30  Code  Gb  sam3u_ssp.o [1]
Ssp_pfnStateMachine     0x20001ca4    0x4  Data  Lc  sam3u_ssp.o [1]
SysTickSetup            0x00083657   0x22  Code  Gb  mpgl1-ehdw-03.o [1]
SysTick_Handler         0x000841eb   0x3c  Code  Gb  interrupts.o [1]
SystemSleep             0x00083679   0x7a  Code  Gb  mpgl1-ehdw-03.o [1]
SystemStatusReport      0x000811a1   0x74  Code  Gb  debug.o [1]
TC0_IrqHandler          0x00080f4d    0x2  Code  Wk  exceptions.o [1]
TC1_IrqHandler          0x00080f4f    0x2  Code  Wk  exceptions.o [1]
TC2_IrqHandler          0x00080f51    0x2  Code  Wk  exceptions.o [1]
TWI0                    0x20001c90    0x4  Data  Lc  sam3u_i2c.o [1]
TWI0FillTxBuffer        0x000830d3   0x96  Code  Lc  sam3u_i2c.o [1]
TWI0WriteByte           0x00082e15   0xd6  Code  Gb  sam3u_i2c.o [1]
TWI0WriteData           0x00082eeb   0xda  Code  Gb  sam3u_i2c.o [1]
TWI0_IrqHandler         0x000831a7   0xb8  Code  Gb  sam3u_i2c.o [1]
TWI1_IrqHandler         0x00080f47    0x2  Code  Wk  exceptions.o [1]
TWIInitialize           0x00082fc5  0x102  Code  Gb  sam3u_i2c.o [1]
TWIManualMode           0x00083169   0x3e  Code  Lc  sam3u_i2c.o [1]
TWIRunActiveState       0x000830c7    0xc  Code  Gb  sam3u_i2c.o [1]
TWISM_Error             0x000834f1   0x94  Code  Gb  sam3u_i2c.o [1]
TWISM_Idle              0x00083261  0x142  Code  Gb  sam3u_i2c.o [1]
TWISM_Receiving         0x00083479   0x78  Code  Gb  sam3u_i2c.o [1]
TWISM_Transmitting      0x000833a5   0xd2  Code  Gb  sam3u_i2c.o [1]
TWI_MessageBuffer       0x20001754  0x100  Data  Lc  sam3u_i2c.o [1]
TWI_MessageBufferCurIndex
                        0x20001d15    0x1  Data  Lc  sam3u_i2c.o [1]
TWI_MessageBufferNextIndex
                        0x20001d14    0x1  Data  Lc  sam3u_i2c.o [1]
TWI_MessageQueueLength  0x20001d16    0x1  Data  Lc  sam3u_i2c.o [1]
TWI_Peripheral0         0x20001ba8   0x10  Data  Lc  sam3u_i2c.o [1]
TWI_StateMachine        0x20001c84    0x4  Data  Lc  sam3u_i2c.o [1]
TWI_pu8CurrentTxData    0x20001c98    0x4  Data  Lc  sam3u_i2c.o [1]
TWI_u32CurrentBytesRemaining
                        0x20001c94    0x4  Data  Lc  sam3u_i2c.o [1]
TWI_u32Flags            0x20001c8c    0x4  Data  Lc  sam3u_i2c.o [1]
TWI_u32Timer            0x20001c88    0x4  Data  Lc  sam3u_i2c.o [1]
UART_Peripheral         0x20001ad4   0x24  Data  Lc  sam3u_uart.o [1]
UART_Peripheral0        0x20001af8   0x24  Data  Lc  sam3u_uart.o [1]
UART_Peripheral1        0x20001b1c   0x24  Data  Lc  sam3u_uart.o [1]
UART_Peripheral2        0x20001b40   0x24  Data  Lc  sam3u_uart.o [1]
UART_psCurrentISR       0x20001ce0    0x4  Data  Lc  sam3u_uart.o [1]
UART_psCurrentUart      0x20001cdc    0x4  Data  Lc  sam3u_uart.o [1]
UART_pu32ApplicationFlagsISR
                        0x20001ce4    0x4  Data  Lc  sam3u_uart.o [1]
UART_u32Flags           0x20001cd8    0x4  Data  Lc  sam3u_uart.o [1]
UART_u32Int0Count       0x20001cec    0x4  Data  Lc  sam3u_uart.o [1]
UART_u32IntCount        0x20001ce8    0x4  Data  Lc  sam3u_uart.o [1]
UART_u32Timer           0x20001cd4    0x4  Data  Lc  sam3u_uart.o [1]
UART_u8ActiveUarts      0x20001d17    0x1  Data  Lc  sam3u_uart.o [1]
UDPD_IrqHandler         0x00080f5b    0x2  Code  Wk  exceptions.o [1]
USART0_IrqHandler       0x000827cf   0x1e  Code  Gb  sam3u_uart.o [1]
USART1_IrqHandler       0x00081acb   0x2a  Code  Gb  sam3u_ssp.o [1]
USART2_IrqHandler       0x00081af5   0x2a  Code  Gb  sam3u_ssp.o [1]
USART3_IrqHandler       0x00080f43    0x2  Code  Wk  exceptions.o [1]
UartGenericHandler      0x000827ed   0xf4  Code  Gb  sam3u_uart.o [1]
UartInitialize          0x00082675   0xfc  Code  Gb  sam3u_uart.o [1]
UartManualMode          0x0008277b   0x36  Code  Lc  sam3u_uart.o [1]
UartRequest             0x000824e1  0x138  Code  Gb  sam3u_uart.o [1]
UartRunActiveState      0x00082771    0xa  Code  Gb  sam3u_uart.o [1]
UartSM_Idle             0x000828e5   0xd8  Code  Gb  sam3u_uart.o [1]
UartWriteByte           0x00082619   0x30  Code  Gb  sam3u_uart.o [1]
UartWriteData           0x00082649   0x2c  Code  Gb  sam3u_uart.o [1]
Uart_pfnStateMachine    0x20001cd0    0x4  Data  Lc  sam3u_uart.o [1]
UpdateMessageStatus     0x000823d9   0x1c  Code  Gb  messaging.o [1]
UsageFault_Handler      0x00080f27    0x2  Code  Wk  exceptions.o [1]
UserAppInitialize       0x00083cbd   0x44  Code  Gb  user_app.o [1]
UserAppRunActiveState   0x00083d01    0xa  Code  Gb  user_app.o [1]
UserAppSM_Idle          0x00083d0d  0x190  Code  Lc  user_app.o [1]
UserApp_StateMachine    0x20001d00    0x4  Data  Lc  user_app.o [1]
WDT_IrqHandler          0x00080f37    0x2  Code  Wk  exceptions.o [1]
WasButtonPressed        0x00083a51   0x12  Code  Gb  buttons.o [1]
WatchDogSetup           0x000836f3    0xe  Code  Gb  mpgl1-ehdw-03.o [1]
_Rand_idx               0x20000008    0x4  Data  Lc  rand.o [3]
_Rand_rv                0x2000000c   0x80  Data  Lc  rand.o [3]
_Randinit               0x20000000    0x1  Data  Gb  rand.o [3]
_Randseed               0x20000004    0x4  Data  Gb  rand.o [3]
__ICFEDIT_intvec_start__ {Abs}
                        0x00080000          --   Gb  command line/config [2]
__aeabi_memset          0x00082d55         Code  Gb  ABImemset.o [4]
__as_entries_start      0xffffffff          --   Gb  command line/config [2]
__as_table_start        0xffffffff          --   Gb  command line/config [2]
__cmain                 0x00084945         Code  Gb  cmain.o [4]
__data_Aldata           0x20001bd0    0x8  Data  Gb  xxmemxmalloc.o [3]
__data_GetMemChunk      0x00082dbd   0x2c  Code  Gb  xgetmemchunk.o [3]
__exit                  0x000844d1   0x14  Code  Gb  exit.o [5]
__iar_Memset            0x00082d55         Code  Gb  ABImemset.o [4]
__iar_Memset_word       0x00082d5d         Code  Gb  ABImemset.o [4]
__iar_data_init3        0x00084711   0x28  Code  Gb  data_init.o [4]
__iar_dlib_perthread_access
                        0x00084143    0x2  Code  Gb  xtls.o [3]
__iar_lz77_init3        0x0008436b  0x160  Code  Gb  lz77_init.o [4]
__iar_program_start     0x00084aa5         Code  Gb  cstartup_M.o [4]
__iar_unaligned___aeabi_memcpy
                        0x00081019         Code  Gb  ABImemcpy_unaligned.o [4]
__iar_unaligned___aeabi_memcpy4
                        0x00081039         Code  Gb  ABImemcpy_unaligned.o [4]
__iar_unaligned___aeabi_memcpy8
                        0x00081039         Code  Gb  ABImemcpy_unaligned.o [4]
__iar_unaligned_strcpy  0x00082471         Code  Gb  strcpy_unaligned.o [4]
__iar_zero_init3        0x0008108f   0x22  Code  Gb  zero_init3.o [4]
__low_level_init        0x00084961   0x14  Code  Gb  board_cstartup_iar.o [1]
__time32                0x00084131   0x12  Code  Gb  time.o [5]
__vector_table          0x00080000   0xbc  Data  Gb  board_cstartup_iar.o [1]
_call_main              0x00084951         Code  Gb  cmain.o [4]
_exit                   0x00084979         Code  Gb  cexit.o [4]
_main                   0x0008495b         Code  Gb  cmain.o [4]
abort                   0x000844cb    0x6  Code  Gb  abort.o [3]
exit                    0x00084975    0x4  Code  Gb  exit.o [3]
free                    0x00082155   0x7a  Code  Gb  xxmemxfree.o [3]
main                    0x000845a5   0xbc  Code  Gb  main.o [1]
malloc                  0x000820a5   0xac  Code  Gb  xxmemxmalloc.o [3]
rand                    0x00084051   0xe0  Code  Gb  rand.o [3]
srand                   0x00084031   0x20  Code  Gb  srand.o [3]
time                    0x0008402b    0x4  Code  Gb  time_i.o [3]


[1] = C:\Users\weifeng\Desktop\EIE\EIE_Git\Razor_Atmel\firmware_mpgl1\iar_7_20_1\Debug\Obj
[2] = command line
[3] = dl7M_tln.a
[4] = rt7M_tl.a
[5] = shb_l.a

  17 940 bytes of readonly  code memory
   1 813 bytes of readonly  data memory
  23 837 bytes of readwrite data memory

Errors: none
Warnings: none
